09-25 19:27:32.547 [MA] build=v10(watchdog+keepalive) pitchSignSend=-1.0 yawSignSend=-1.0 | yawDisplay=deep-map yawSend=1:1-rate
09-25 19:27:47.744 [MA] guide: open
09-25 19:27:47.753 [PHONE] sensor start avail=true highRate=false
09-25 19:27:49.658 [MA] guide: settle begin
09-25 19:27:51.615 [PHONE] baseline set (quat) w=0.587 x=0.501 y=0.446 z=0.454
09-25 19:27:51.634 [PHONE] yawW=+0.1 pitchW=-0.1 rollW=-0.1
09-25 19:27:51.694 [PHONE] yawW=+0.1 pitchW=-0.5 rollW=-0.3
09-25 19:27:51.754 [PHONE] yawW=+0.2 pitchW=-0.4 rollW=-0.6
09-25 19:27:51.815 [PHONE] yawW=+0.5 pitchW=-0.4 rollW=-0.8
09-25 19:27:51.880 [PHONE] yawW=+0.5 pitchW=-0.4 rollW=-0.9
09-25 19:27:51.939 [PHONE] yawW=+0.8 pitchW=-0.3 rollW=-0.5
09-25 19:27:51.996 [PHONE] yawW=+1.2 pitchW=-0.3 rollW=-0.2
09-25 19:27:52.058 [PHONE] yawW=+0.8 pitchW=-0.4 rollW=-0.1
09-25 19:27:52.118 [PHONE] yawW=+1.0 pitchW=-0.1 rollW=-0.2
09-25 19:27:52.179 [PHONE] yawW=+0.8 pitchW=-0.6 rollW=-0.4
09-25 19:27:52.238 [PHONE] yawW=+1.0 pitchW=-0.2 rollW=-0.6
09-25 19:27:52.300 [PHONE] yawW=+0.8 pitchW=-0.3 rollW=-0.7
09-25 19:27:52.360 [PHONE] yawW=+0.5 pitchW=-0.5 rollW=-0.4
09-25 19:27:52.421 [PHONE] yawW=+0.8 pitchW=-0.4 rollW=-0.6
09-25 19:27:52.481 [PHONE] yawW=+0.5 pitchW=-0.6 rollW=-0.4
09-25 19:27:52.541 [PHONE] yawW=+0.6 pitchW=-0.8 rollW=-0.5
09-25 19:27:52.603 [PHONE] yawW=+0.3 pitchW=-1.0 rollW=-0.6
09-25 19:27:52.665 [PHONE] yawW=+0.3 pitchW=-1.0 rollW=-0.6
09-25 19:27:52.666 [MA] guide: recalibrate + resetReference
09-25 19:27:52.684 [PHONE] baseline set (quat) w=0.579 x=0.500 y=0.449 z=0.461
09-25 19:27:52.724 [PHONE] yawW=-0.0 pitchW=-0.0 rollW=-0.0
09-25 19:27:52.784 [PHONE] yawW=+0.1 pitchW=-0.1 rollW=-0.0
09-25 19:27:52.846 [PHONE] yawW=+0.0 pitchW=-0.1 rollW=-0.0
09-25 19:27:52.905 [PHONE] yawW=-0.1 pitchW=-0.2 rollW=-0.0
09-25 19:27:52.965 [PHONE] yawW=-0.1 pitchW=-0.2 rollW=-0.1
09-25 19:27:53.026 [PHONE] yawW=+0.0 pitchW=-0.1 rollW=-0.1
09-25 19:27:53.085 [PHONE] yawW=-0.2 pitchW=-0.2 rollW=+0.1
09-25 19:27:53.147 [PHONE] yawW=-0.3 pitchW=-0.1 rollW=+0.2
09-25 19:27:53.208 [PHONE] yawW=-0.2 pitchW=-0.1 rollW=+0.1
09-25 19:27:53.268 [PHONE] yawW=-0.2 pitchW=-0.2 rollW=+0.2
09-25 19:27:53.328 [PHONE] yawW=-0.2 pitchW=-0.1 rollW=+0.1
09-25 19:27:53.389 [PHONE] yawW=-0.3 pitchW=-0.1 rollW=+0.2
09-25 19:27:53.450 [PHONE] yawW=-0.4 pitchW=-0.1 rollW=+0.4
09-25 19:27:53.510 [PHONE] yawW=-0.5 pitchW=-0.1 rollW=+0.5
09-25 19:27:53.570 [PHONE] yawW=-0.4 pitchW=-0.1 rollW=+0.4
09-25 19:27:53.631 [PHONE] yawW=-0.4 pitchW=+0.0 rollW=+0.2
09-25 19:27:53.691 [PHONE] yawW=-0.5 pitchW=-0.1 rollW=+0.3
09-25 19:27:53.751 [PHONE] yawW=-0.5 pitchW=-0.1 rollW=+0.4
09-25 19:27:53.812 [PHONE] yawW=-0.5 pitchW=-0.1 rollW=+0.5
09-25 19:27:53.872 [PHONE] yawW=-0.5 pitchW=-0.1 rollW=+0.5
09-25 19:27:53.932 [PHONE] yawW=-0.5 pitchW=-0.1 rollW=+0.5
09-25 19:27:53.993 [PHONE] yawW=-0.5 pitchW=-0.3 rollW=+0.4
09-25 19:27:54.054 [PHONE] yawW=-0.4 pitchW=-0.3 rollW=+0.4
09-25 19:27:54.114 [PHONE] yawW=-0.3 pitchW=-0.2 rollW=+0.2
09-25 19:27:54.174 [PHONE] yawW=-0.5 pitchW=-0.2 rollW=+0.3
09-25 19:27:54.235 [PHONE] yawW=-0.5 pitchW=-0.2 rollW=+0.4
09-25 19:27:54.295 [PHONE] yawW=-0.5 pitchW=-0.2 rollW=+0.5
09-25 19:27:54.358 [PHONE] yawW=-0.5 pitchW=-0.2 rollW=+0.5
09-25 19:27:54.416 [PHONE] yawW=-0.6 pitchW=-0.2 rollW=+0.4
09-25 19:27:54.477 [PHONE] yawW=-0.5 pitchW=-0.2 rollW=+0.3
09-25 19:27:54.537 [PHONE] yawW=-0.6 pitchW=-0.3 rollW=+0.3
09-25 19:27:54.600 [PHONE] yawW=-0.7 pitchW=-0.2 rollW=+0.4
09-25 19:27:54.662 [PHONE] yawW=-0.8 pitchW=-0.2 rollW=+0.5
09-25 19:27:54.666 [MA] guide action 1/3
09-25 19:27:54.718 [PHONE] yawW=-0.7 pitchW=-0.2 rollW=+0.6
09-25 19:27:54.779 [PHONE] yawW=-0.8 pitchW=-0.2 rollW=+0.6
09-25 19:27:54.839 [PHONE] yawW=-0.8 pitchW=-0.2 rollW=+0.6
09-25 19:27:54.900 [PHONE] yawW=-0.8 pitchW=-0.2 rollW=+0.6
09-25 19:27:54.961 [PHONE] yawW=-0.8 pitchW=-0.3 rollW=+0.6
09-25 19:27:55.021 [PHONE] yawW=-0.6 pitchW=-0.2 rollW=+0.6
09-25 19:27:55.088 [PHONE] yawW=-0.8 pitchW=-0.3 rollW=+0.7
09-25 19:27:55.142 [PHONE] yawW=-0.8 pitchW=-0.2 rollW=+0.6
09-25 19:27:55.203 [PHONE] yawW=-0.8 pitchW=-0.3 rollW=+0.6
09-25 19:27:55.263 [PHONE] yawW=-0.9 pitchW=-0.3 rollW=+0.7
09-25 19:27:55.323 [PHONE] yawW=-0.9 pitchW=-0.3 rollW=+0.6
09-25 19:27:55.384 [PHONE] yawW=-1.1 pitchW=-0.6 rollW=+0.9
09-25 19:27:55.444 [PHONE] yawW=-1.0 pitchW=-0.9 rollW=+0.8
09-25 19:27:55.505 [PHONE] yawW=-1.4 pitchW=-1.7 rollW=+1.3
09-25 19:27:55.565 [PHONE] yawW=-1.4 pitchW=-2.9 rollW=+1.6
09-25 19:27:55.626 [PHONE] yawW=-1.6 pitchW=-3.9 rollW=+1.9
09-25 19:27:55.687 [PHONE] yawW=-1.7 pitchW=-4.9 rollW=+2.4
09-25 19:27:55.749 [PHONE] yawW=-1.8 pitchW=-4.0 rollW=+3.1
09-25 19:27:55.807 [PHONE] yawW=-1.6 pitchW=-3.4 rollW=+2.7
09-25 19:27:55.872 [PHONE] yawW=-1.9 pitchW=-5.9 rollW=+2.3
09-25 19:27:55.929 [PHONE] yawW=-1.9 pitchW=-7.6 rollW=+2.8
09-25 19:27:55.990 [PHONE] yawW=-1.8 pitchW=-10.4 rollW=+2.8
09-25 19:27:56.050 [PHONE] yawW=-1.5 pitchW=-14.0 rollW=+2.4
09-25 19:27:56.110 [PHONE] yawW=-1.2 pitchW=-16.7 rollW=+2.3
09-25 19:27:56.192 [PHONE] yawW=-1.3 pitchW=-20.8 rollW=+2.4
09-25 19:27:56.252 [PHONE] yawW=-1.0 pitchW=-24.6 rollW=+1.2
09-25 19:27:56.313 [PHONE] yawW=+0.3 pitchW=-28.0 rollW=-0.0
09-25 19:27:56.394 [PHONE] yawW=+0.7 pitchW=-32.2 rollW=-0.9
09-25 19:27:56.454 [PHONE] yawW=+2.5 pitchW=-39.4 rollW=-2.3
09-25 19:27:56.514 [PHONE] yawW=+1.9 pitchW=-44.6 rollW=-3.2
09-25 19:27:56.574 [PHONE] yawW=+2.0 pitchW=-48.8 rollW=-4.7
09-25 19:27:56.634 [PHONE] yawW=+3.8 pitchW=-53.2 rollW=-6.9
09-25 19:27:56.694 [PHONE] yawW=+3.8 pitchW=-57.3 rollW=-7.4
09-25 19:27:56.756 [PHONE] yawW=+4.7 pitchW=-61.6 rollW=-8.7
09-25 19:27:56.815 [PHONE] yawW=+6.4 pitchW=-64.3 rollW=-11.3
09-25 19:27:56.876 [PHONE] yawW=+9.5 pitchW=-67.7 rollW=-15.0
09-25 19:27:56.937 [PHONE] yawW=+12.7 pitchW=-71.2 rollW=-18.6
09-25 19:27:56.997 [PHONE] yawW=+18.0 pitchW=-75.2 rollW=-24.3
09-25 19:27:57.059 [PHONE] yawW=+23.6 pitchW=-78.9 rollW=-30.2
09-25 19:27:57.118 [PHONE] yawW=+38.0 pitchW=-80.5 rollW=-44.0
09-25 19:27:57.179 [PHONE] yawW=+50.1 pitchW=-80.5 rollW=-55.6
09-25 19:27:57.239 [PHONE] yawW=+65.4 pitchW=-81.2 rollW=-70.8
09-25 19:27:57.300 [PHONE] yawW=+74.1 pitchW=-80.9 rollW=-78.9
09-25 19:27:57.360 [PHONE] yawW=+81.3 pitchW=-80.9 rollW=-85.9
09-25 19:27:57.421 [PHONE] yawW=+80.9 pitchW=-80.9 rollW=-85.2
09-25 19:27:57.481 [PHONE] yawW=+77.4 pitchW=-81.0 rollW=-81.5
09-25 19:27:57.542 [PHONE] yawW=+74.5 pitchW=-81.4 rollW=-78.6
09-25 19:27:57.602 [PHONE] yawW=+70.6 pitchW=-81.6 rollW=-75.1
09-25 19:27:57.664 [PHONE] yawW=+66.8 pitchW=-81.3 rollW=-71.7
09-25 19:27:57.723 [PHONE] yawW=+67.9 pitchW=-81.4 rollW=-73.3
09-25 19:27:57.784 [PHONE] yawW=+68.0 pitchW=-80.8 rollW=-73.0
09-25 19:27:57.844 [PHONE] yawW=+69.0 pitchW=-80.0 rollW=-73.5
09-25 19:27:57.905 [PHONE] yawW=+71.1 pitchW=-80.0 rollW=-75.4
09-25 19:27:57.965 [PHONE] yawW=+71.5 pitchW=-80.0 rollW=-75.9
09-25 19:27:58.026 [PHONE] yawW=+70.9 pitchW=-80.0 rollW=-74.8
09-25 19:27:58.086 [PHONE] yawW=+72.7 pitchW=-80.6 rollW=-76.7
09-25 19:27:58.151 [PHONE] yawW=+70.5 pitchW=-80.8 rollW=-74.3
09-25 19:27:58.228 [PHONE] yawW=+69.6 pitchW=-80.7 rollW=-73.4
09-25 19:27:58.288 [PHONE] yawW=+69.0 pitchW=-80.8 rollW=-72.8
09-25 19:27:58.348 [PHONE] yawW=+68.3 pitchW=-81.1 rollW=-72.1
09-25 19:27:58.408 [PHONE] yawW=+67.8 pitchW=-81.2 rollW=-71.8
09-25 19:27:58.469 [PHONE] yawW=+66.4 pitchW=-81.2 rollW=-70.5
09-25 19:27:58.530 [PHONE] yawW=+66.7 pitchW=-81.0 rollW=-70.8
09-25 19:27:58.590 [PHONE] yawW=+66.9 pitchW=-81.1 rollW=-71.0
09-25 19:27:58.650 [PHONE] yawW=+67.5 pitchW=-80.9 rollW=-71.5
09-25 19:27:58.712 [PHONE] yawW=+68.3 pitchW=-81.0 rollW=-72.3
09-25 19:27:58.772 [PHONE] yawW=+68.4 pitchW=-80.9 rollW=-72.4
09-25 19:27:58.833 [PHONE] yawW=+68.7 pitchW=-80.9 rollW=-72.6
09-25 19:27:58.893 [PHONE] yawW=+68.9 pitchW=-80.8 rollW=-72.8
09-25 19:27:58.953 [PHONE] yawW=+69.5 pitchW=-80.8 rollW=-73.3
09-25 19:27:59.010 [PHONE] yawW=+70.0 pitchW=-81.0 rollW=-74.1
09-25 19:27:59.074 [PHONE] yawW=+70.2 pitchW=-81.3 rollW=-74.5
09-25 19:27:59.135 [PHONE] yawW=+69.9 pitchW=-81.3 rollW=-74.1
09-25 19:27:59.195 [PHONE] yawW=+68.8 pitchW=-80.9 rollW=-73.0
09-25 19:27:59.256 [PHONE] yawW=+66.3 pitchW=-80.3 rollW=-70.2
09-25 19:27:59.316 [PHONE] yawW=+60.7 pitchW=-79.7 rollW=-64.6
09-25 19:27:59.397 [PHONE] yawW=+53.0 pitchW=-80.3 rollW=-57.5
09-25 19:27:59.457 [PHONE] yawW=+41.9 pitchW=-79.3 rollW=-45.8
09-25 19:27:59.518 [PHONE] yawW=+36.6 pitchW=-77.2 rollW=-39.8
09-25 19:27:59.578 [PHONE] yawW=+31.6 pitchW=-74.9 rollW=-34.1
09-25 19:27:59.639 [PHONE] yawW=+25.9 pitchW=-72.5 rollW=-28.5
09-25 19:27:59.700 [PHONE] yawW=+21.2 pitchW=-68.5 rollW=-23.2
09-25 19:27:59.759 [PHONE] yawW=+17.4 pitchW=-65.0 rollW=-20.2
09-25 19:27:59.820 [PHONE] yawW=+16.1 pitchW=-61.4 rollW=-18.2
09-25 19:27:59.880 [PHONE] yawW=+12.9 pitchW=-59.2 rollW=-15.0
09-25 19:27:59.941 [PHONE] yawW=+11.2 pitchW=-56.1 rollW=-13.6
09-25 19:28:00.003 [PHONE] yawW=+10.6 pitchW=-50.8 rollW=-13.4
09-25 19:28:00.062 [PHONE] yawW=+8.5 pitchW=-46.0 rollW=-12.3
09-25 19:28:00.123 [PHONE] yawW=+7.1 pitchW=-40.9 rollW=-10.6
09-25 19:28:00.183 [PHONE] yawW=+5.7 pitchW=-36.2 rollW=-9.0
09-25 19:28:00.244 [PHONE] yawW=+4.3 pitchW=-32.4 rollW=-7.3
09-25 19:28:00.304 [PHONE] yawW=+3.7 pitchW=-27.7 rollW=-6.4
09-25 19:28:00.364 [PHONE] yawW=+3.7 pitchW=-23.9 rollW=-5.3
09-25 19:28:00.426 [PHONE] yawW=+3.4 pitchW=-20.0 rollW=-4.1
09-25 19:28:00.485 [PHONE] yawW=+2.6 pitchW=-16.5 rollW=-3.5
09-25 19:28:00.546 [PHONE] yawW=+2.0 pitchW=-12.3 rollW=-3.5
09-25 19:28:00.606 [PHONE] yawW=+1.1 pitchW=-7.5 rollW=-3.5
09-25 19:28:00.667 [PHONE] yawW=+0.6 pitchW=-3.3 rollW=-3.1
09-25 19:28:00.728 [PHONE] yawW=+0.1 pitchW=+0.5 rollW=-2.9
09-25 19:28:00.789 [PHONE] yawW=+0.2 pitchW=+2.0 rollW=-2.2
09-25 19:28:00.849 [PHONE] yawW=+0.3 pitchW=+3.3 rollW=-1.7
09-25 19:28:00.909 [PHONE] yawW=+0.0 pitchW=+3.2 rollW=-1.2
09-25 19:28:00.970 [PHONE] yawW=-0.0 pitchW=+2.9 rollW=-1.1
09-25 19:28:01.031 [PHONE] yawW=-0.1 pitchW=+1.4 rollW=-1.0
09-25 19:28:01.112 [PHONE] yawW=+0.3 pitchW=+0.7 rollW=-1.3
09-25 19:28:01.173 [PHONE] yawW=-0.1 pitchW=-0.3 rollW=-1.2
09-25 19:28:01.232 [PHONE] yawW=-0.1 pitchW=+0.1 rollW=-1.1
09-25 19:28:01.292 [PHONE] yawW=-0.3 pitchW=+0.7 rollW=-0.8
09-25 19:28:01.353 [PHONE] yawW=-0.3 pitchW=+0.7 rollW=-1.0
09-25 19:28:01.413 [PHONE] yawW=+0.4 pitchW=+1.4 rollW=-1.6
09-25 19:28:01.474 [PHONE] yawW=+0.0 pitchW=+1.9 rollW=-1.8
09-25 19:28:01.534 [PHONE] yawW=+0.0 pitchW=+2.7 rollW=-1.5
09-25 19:28:01.595 [PHONE] yawW=+0.2 pitchW=+3.6 rollW=-0.8
09-25 19:28:01.656 [PHONE] yawW=+0.8 pitchW=+5.1 rollW=-0.7
09-25 19:28:01.717 [PHONE] yawW=+0.6 pitchW=+7.6 rollW=-1.0
09-25 19:28:01.777 [PHONE] yawW=-0.3 pitchW=+10.9 rollW=-0.8
09-25 19:28:01.837 [PHONE] yawW=-0.2 pitchW=+14.3 rollW=-0.2
09-25 19:28:01.897 [PHONE] yawW=-0.0 pitchW=+18.2 rollW=+0.4
09-25 19:28:01.958 [PHONE] yawW=-0.1 pitchW=+22.5 rollW=+0.8
09-25 19:28:02.019 [PHONE] yawW=+0.3 pitchW=+26.6 rollW=+1.4
09-25 19:28:02.079 [PHONE] yawW=+1.4 pitchW=+31.5 rollW=+2.4
09-25 19:28:02.139 [PHONE] yawW=+2.7 pitchW=+36.2 rollW=+3.6
09-25 19:28:02.201 [PHONE] yawW=+4.1 pitchW=+41.2 rollW=+5.5
09-25 19:28:02.260 [PHONE] yawW=+5.8 pitchW=+46.6 rollW=+7.3
09-25 19:28:02.321 [PHONE] yawW=+7.3 pitchW=+51.6 rollW=+9.9
09-25 19:28:02.382 [PHONE] yawW=+7.8 pitchW=+56.4 rollW=+10.9
09-25 19:28:02.442 [PHONE] yawW=+10.1 pitchW=+60.9 rollW=+13.9
09-25 19:28:02.523 [PHONE] yawW=+14.0 pitchW=+65.5 rollW=+18.4
09-25 19:28:02.584 [PHONE] yawW=+19.9 pitchW=+69.9 rollW=+25.2
09-25 19:28:02.644 [PHONE] yawW=+35.0 pitchW=+75.9 rollW=+41.0
09-25 19:28:02.704 [PHONE] yawW=+55.4 pitchW=+80.1 rollW=+61.2
09-25 19:28:02.765 [PHONE] yawW=+65.0 pitchW=+82.0 rollW=+70.8
09-25 19:28:02.826 [PHONE] yawW=+78.8 pitchW=+82.2 rollW=+84.0
09-25 19:28:02.889 [PHONE] yawW=+87.7 pitchW=+82.0 rollW=+92.4
09-25 19:28:02.946 [PHONE] yawW=+83.1 pitchW=+82.1 rollW=+87.2
09-25 19:28:03.006 [PHONE] yawW=+90.3 pitchW=+82.3 rollW=+94.0
09-25 19:28:03.067 [PHONE] yawW=+87.6 pitchW=+82.5 rollW=+91.5
09-25 19:28:03.127 [PHONE] yawW=+90.8 pitchW=+82.3 rollW=+94.3
09-25 19:28:03.188 [PHONE] yawW=+91.3 pitchW=+82.0 rollW=+95.4
09-25 19:28:03.248 [PHONE] yawW=+91.7 pitchW=+81.8 rollW=+96.0
09-25 19:28:03.308 [PHONE] yawW=+89.4 pitchW=+81.4 rollW=+94.1
09-25 19:28:03.369 [PHONE] yawW=+90.8 pitchW=+81.2 rollW=+95.4
09-25 19:28:03.430 [PHONE] yawW=+92.5 pitchW=+81.1 rollW=+97.0
09-25 19:28:03.491 [PHONE] yawW=+93.1 pitchW=+81.2 rollW=+97.3
09-25 19:28:03.555 [PHONE] yawW=+95.6 pitchW=+81.0 rollW=+99.6
09-25 19:28:03.612 [PHONE] yawW=+97.4 pitchW=+81.4 rollW=+101.1
09-25 19:28:03.672 [PHONE] yawW=+98.4 pitchW=+81.1 rollW=+102.4
09-25 19:28:03.734 [PHONE] yawW=+101.7 pitchW=+80.7 rollW=+105.8
09-25 19:28:03.794 [PHONE] yawW=+105.5 pitchW=+80.7 rollW=+109.5
09-25 19:28:03.854 [PHONE] yawW=+105.7 pitchW=+80.8 rollW=+109.6
09-25 19:28:03.913 [PHONE] yawW=+104.6 pitchW=+80.9 rollW=+108.5
09-25 19:28:03.974 [PHONE] yawW=+104.4 pitchW=+80.9 rollW=+108.1
09-25 19:28:04.035 [PHONE] yawW=+104.2 pitchW=+81.0 rollW=+107.9
09-25 19:28:04.096 [PHONE] yawW=+103.2 pitchW=+81.0 rollW=+106.8
09-25 19:28:04.156 [PHONE] yawW=+100.8 pitchW=+80.9 rollW=+104.4
09-25 19:28:04.217 [PHONE] yawW=+98.1 pitchW=+80.9 rollW=+101.6
09-25 19:28:04.277 [PHONE] yawW=+90.1 pitchW=+80.9 rollW=+93.6
09-25 19:28:04.344 [PHONE] yawW=+85.0 pitchW=+80.8 rollW=+88.5
09-25 19:28:04.397 [PHONE] yawW=+78.9 pitchW=+80.1 rollW=+82.6
09-25 19:28:04.458 [PHONE] yawW=+62.8 pitchW=+79.3 rollW=+67.0
09-25 19:28:04.518 [PHONE] yawW=+53.1 pitchW=+77.5 rollW=+57.3
09-25 19:28:04.579 [PHONE] yawW=+42.4 pitchW=+74.4 rollW=+46.7
09-25 19:28:04.660 [PHONE] yawW=+34.7 pitchW=+70.7 rollW=+39.5
09-25 19:28:04.720 [PHONE] yawW=+26.2 pitchW=+65.2 rollW=+30.3
09-25 19:28:04.781 [PHONE] yawW=+19.3 pitchW=+59.6 rollW=+23.8
09-25 19:28:04.841 [PHONE] yawW=+14.7 pitchW=+53.7 rollW=+19.1
09-25 19:28:04.902 [PHONE] yawW=+11.2 pitchW=+47.7 rollW=+15.6
09-25 19:28:04.962 [PHONE] yawW=+8.7 pitchW=+40.9 rollW=+12.4
09-25 19:28:05.023 [PHONE] yawW=+6.8 pitchW=+35.8 rollW=+10.1
09-25 19:28:05.084 [PHONE] yawW=+5.0 pitchW=+30.4 rollW=+7.3
09-25 19:28:05.145 [PHONE] yawW=+3.7 pitchW=+24.4 rollW=+4.9
09-25 19:28:05.204 [PHONE] yawW=+3.7 pitchW=+19.2 rollW=+3.2
09-25 19:28:05.265 [PHONE] yawW=+3.7 pitchW=+14.0 rollW=+2.3
09-25 19:28:05.325 [PHONE] yawW=+3.5 pitchW=+9.8 rollW=+2.4
09-25 19:28:05.385 [PHONE] yawW=+3.5 pitchW=+6.5 rollW=+2.5
09-25 19:28:05.446 [PHONE] yawW=+3.3 pitchW=+3.9 rollW=+2.5
09-25 19:28:05.507 [PHONE] yawW=+2.9 pitchW=+2.9 rollW=+2.3
09-25 19:28:05.567 [PHONE] yawW=+2.8 pitchW=+2.7 rollW=+1.8
09-25 19:28:05.627 [PHONE] yawW=+2.8 pitchW=+2.4 rollW=+1.4
09-25 19:28:05.688 [PHONE] yawW=+2.8 pitchW=+2.5 rollW=+1.3
09-25 19:28:05.748 [PHONE] yawW=+3.4 pitchW=+2.4 rollW=+0.9
09-25 19:28:05.810 [PHONE] yawW=+3.0 pitchW=+2.1 rollW=+0.9
09-25 19:28:05.870 [PHONE] yawW=+3.3 pitchW=+2.6 rollW=+0.5
09-25 19:28:05.930 [PHONE] yawW=+2.5 pitchW=+3.4 rollW=-0.3
09-25 19:28:05.992 [PHONE] yawW=+2.1 pitchW=+4.5 rollW=-0.4
09-25 19:28:06.072 [PHONE] yawW=+1.5 pitchW=+4.4 rollW=-0.4
09-25 19:28:06.132 [PHONE] yawW=+1.7 pitchW=+5.0 rollW=-0.5
09-25 19:28:06.193 [PHONE] yawW=+1.8 pitchW=+5.0 rollW=-0.4
09-25 19:28:06.253 [PHONE] yawW=+1.8 pitchW=+4.6 rollW=-0.3
09-25 19:28:06.315 [PHONE] yawW=+1.7 pitchW=+4.4 rollW=-0.4
09-25 19:28:06.374 [PHONE] yawW=+1.3 pitchW=+4.0 rollW=-0.8
09-25 19:28:06.437 [PHONE] yawW=+1.4 pitchW=+3.9 rollW=-1.0
09-25 19:28:06.494 [PHONE] yawW=+1.6 pitchW=+3.8 rollW=-1.0
09-25 19:28:06.556 [PHONE] yawW=+1.3 pitchW=+3.8 rollW=-0.7
09-25 19:28:06.617 [PHONE] yawW=+1.0 pitchW=+4.0 rollW=-0.8
09-25 19:28:06.676 [PHONE] yawW=+0.8 pitchW=+4.0 rollW=-0.9
09-25 19:28:06.719 [MA] guide return 1
09-25 19:28:06.737 [PHONE] yawW=+0.7 pitchW=+3.8 rollW=-0.8
09-25 19:28:06.797 [PHONE] yawW=+0.9 pitchW=+3.9 rollW=-0.7
09-25 19:28:06.859 [PHONE] yawW=+1.1 pitchW=+3.9 rollW=-0.7
09-25 19:28:06.918 [PHONE] yawW=+0.9 pitchW=+4.0 rollW=-0.5
09-25 19:28:06.979 [PHONE] yawW=+1.0 pitchW=+3.9 rollW=-0.4
09-25 19:28:07.039 [PHONE] yawW=+0.6 pitchW=+4.0 rollW=-0.2
09-25 19:28:07.099 [PHONE] yawW=+0.6 pitchW=+4.3 rollW=-0.1
09-25 19:28:07.161 [PHONE] yawW=+0.6 pitchW=+4.6 rollW=-0.2
09-25 19:28:07.221 [PHONE] yawW=+0.6 pitchW=+4.7 rollW=-0.2
09-25 19:28:07.281 [PHONE] yawW=+0.7 pitchW=+4.7 rollW=-0.2
09-25 19:28:07.341 [PHONE] yawW=+0.6 pitchW=+4.8 rollW=-0.2
09-25 19:28:07.402 [PHONE] yawW=+0.7 pitchW=+4.8 rollW=-0.2
09-25 19:28:07.463 [PHONE] yawW=+0.8 pitchW=+4.8 rollW=-0.2
09-25 19:28:07.523 [PHONE] yawW=+0.8 pitchW=+4.8 rollW=-0.0
09-25 19:28:07.583 [PHONE] yawW=+0.9 pitchW=+4.8 rollW=+0.0
09-25 19:28:07.644 [PHONE] yawW=+0.9 pitchW=+4.8 rollW=+0.0
09-25 19:28:07.708 [PHONE] yawW=+1.1 pitchW=+4.9 rollW=-0.1
09-25 19:28:07.767 [PHONE] yawW=+1.1 pitchW=+5.0 rollW=-0.1
09-25 19:28:07.827 [PHONE] yawW=+1.2 pitchW=+4.8 rollW=+0.1
09-25 19:28:07.886 [PHONE] yawW=+1.1 pitchW=+4.7 rollW=+0.2
09-25 19:28:07.947 [PHONE] yawW=+1.2 pitchW=+5.0 rollW=-0.2
09-25 19:28:08.007 [PHONE] yawW=+1.0 pitchW=+5.0 rollW=-0.2
09-25 19:28:08.069 [PHONE] yawW=+1.0 pitchW=+5.1 rollW=-0.3
09-25 19:28:08.128 [PHONE] yawW=+0.9 pitchW=+5.0 rollW=-0.3
09-25 19:28:08.189 [PHONE] yawW=+1.0 pitchW=+5.0 rollW=-0.3
09-25 19:28:08.249 [PHONE] yawW=+1.2 pitchW=+4.9 rollW=-0.4
09-25 19:28:08.311 [PHONE] yawW=+1.3 pitchW=+4.8 rollW=-0.4
09-25 19:28:08.371 [PHONE] yawW=+1.4 pitchW=+4.7 rollW=-0.5
09-25 19:28:08.431 [PHONE] yawW=+1.4 pitchW=+4.8 rollW=-0.7
09-25 19:28:08.491 [PHONE] yawW=+1.4 pitchW=+4.7 rollW=-0.8
09-25 19:28:08.553 [PHONE] yawW=+1.3 pitchW=+4.7 rollW=-0.9
09-25 19:28:08.612 [PHONE] yawW=+1.2 pitchW=+4.7 rollW=-0.7
09-25 19:28:08.674 [PHONE] yawW=+1.1 pitchW=+4.5 rollW=-0.5
09-25 19:28:08.733 [PHONE] yawW=+1.0 pitchW=+4.4 rollW=-0.5
09-25 19:28:08.746 [MA] guide action 2/3
09-25 19:28:08.794 [PHONE] yawW=+0.9 pitchW=+4.5 rollW=-0.4
09-25 19:28:08.858 [PHONE] yawW=+0.9 pitchW=+4.7 rollW=-0.2
09-25 19:28:08.915 [PHONE] yawW=+0.6 pitchW=+4.4 rollW=-0.1
09-25 19:28:08.975 [PHONE] yawW=+1.0 pitchW=+4.7 rollW=+0.2
09-25 19:28:09.036 [PHONE] yawW=+1.0 pitchW=+4.8 rollW=+0.1
09-25 19:28:09.096 [PHONE] yawW=+1.0 pitchW=+5.4 rollW=-0.4
09-25 19:28:09.157 [PHONE] yawW=+0.8 pitchW=+5.1 rollW=-0.2
09-25 19:28:09.217 [PHONE] yawW=+1.2 pitchW=+5.1 rollW=-0.1
09-25 19:28:09.277 [PHONE] yawW=+1.7 pitchW=+5.2 rollW=-0.2
09-25 19:28:09.339 [PHONE] yawW=+2.2 pitchW=+5.5 rollW=-0.6
09-25 19:28:09.399 [PHONE] yawW=+2.2 pitchW=+5.5 rollW=-0.5
09-25 19:28:09.460 [PHONE] yawW=+2.3 pitchW=+5.6 rollW=-0.4
09-25 19:28:09.520 [PHONE] yawW=+2.6 pitchW=+5.7 rollW=-0.5
09-25 19:28:09.579 [PHONE] yawW=+3.4 pitchW=+6.1 rollW=-0.7
09-25 19:28:09.641 [PHONE] yawW=+4.4 pitchW=+6.2 rollW=-0.6
09-25 19:28:09.702 [PHONE] yawW=+5.7 pitchW=+6.5 rollW=-0.6
09-25 19:28:09.762 [PHONE] yawW=+7.4 pitchW=+7.4 rollW=-0.7
09-25 19:28:09.822 [PHONE] yawW=+9.5 pitchW=+8.4 rollW=-0.8
09-25 19:28:09.883 [PHONE] yawW=+11.2 pitchW=+8.6 rollW=-0.5
09-25 19:28:09.942 [PHONE] yawW=+13.4 pitchW=+8.3 rollW=-0.3
09-25 19:28:10.003 [PHONE] yawW=+15.3 pitchW=+7.5 rollW=-0.3
09-25 19:28:10.064 [PHONE] yawW=+17.0 pitchW=+7.9 rollW=-0.1
09-25 19:28:10.124 [PHONE] yawW=+19.7 pitchW=+8.3 rollW=-0.1
09-25 19:28:10.184 [PHONE] yawW=+22.3 pitchW=+7.4 rollW=-0.1
09-25 19:28:10.245 [PHONE] yawW=+25.3 pitchW=+7.5 rollW=+0.0
09-25 19:28:10.305 [PHONE] yawW=+28.6 pitchW=+7.7 rollW=+0.2
09-25 19:28:10.366 [PHONE] yawW=+32.1 pitchW=+7.5 rollW=+0.9
09-25 19:28:10.426 [PHONE] yawW=+35.4 pitchW=+6.4 rollW=+0.7
09-25 19:28:10.487 [PHONE] yawW=+39.1 pitchW=+7.2 rollW=+0.7
09-25 19:28:10.548 [PHONE] yawW=+41.8 pitchW=+6.8 rollW=+0.4
09-25 19:28:10.608 [PHONE] yawW=+44.4 pitchW=+6.3 rollW=-0.3
09-25 19:28:10.668 [PHONE] yawW=+47.7 pitchW=+6.8 rollW=-0.3
09-25 19:28:10.729 [PHONE] yawW=+50.5 pitchW=+6.4 rollW=-0.9
09-25 19:28:10.790 [PHONE] yawW=+53.3 pitchW=+5.7 rollW=-1.4
09-25 19:28:10.850 [PHONE] yawW=+56.1 pitchW=+5.0 rollW=-1.6
09-25 19:28:10.910 [PHONE] yawW=+58.8 pitchW=+5.0 rollW=-2.0
09-25 19:28:10.971 [PHONE] yawW=+61.8 pitchW=+5.4 rollW=-1.5
09-25 19:28:11.031 [PHONE] yawW=+63.2 pitchW=+4.1 rollW=-1.8
09-25 19:28:11.092 [PHONE] yawW=+64.5 pitchW=+3.5 rollW=-2.1
09-25 19:28:11.152 [PHONE] yawW=+66.3 pitchW=+4.0 rollW=-1.6
09-25 19:28:11.212 [PHONE] yawW=+67.5 pitchW=+4.7 rollW=-1.3
09-25 19:28:11.273 [PHONE] yawW=+68.7 pitchW=+4.8 rollW=-1.4
09-25 19:28:11.333 [PHONE] yawW=+70.1 pitchW=+5.1 rollW=-0.9
09-25 19:28:11.394 [PHONE] yawW=+70.7 pitchW=+5.0 rollW=-0.9
09-25 19:28:11.460 [PHONE] yawW=+71.4 pitchW=+5.2 rollW=-0.5
09-25 19:28:11.516 [PHONE] yawW=+71.7 pitchW=+5.7 rollW=-0.0
09-25 19:28:11.575 [PHONE] yawW=+72.1 pitchW=+6.1 rollW=-0.5
09-25 19:28:11.657 [PHONE] yawW=+72.6 pitchW=+6.4 rollW=-0.8
09-25 19:28:11.718 [PHONE] yawW=+72.7 pitchW=+6.1 rollW=-1.6
09-25 19:28:11.778 [PHONE] yawW=+72.9 pitchW=+6.0 rollW=-1.6
09-25 19:28:11.838 [PHONE] yawW=+72.9 pitchW=+6.0 rollW=-1.6
09-25 19:28:11.900 [PHONE] yawW=+73.1 pitchW=+6.1 rollW=-1.5
09-25 19:28:11.959 [PHONE] yawW=+73.0 pitchW=+6.1 rollW=-1.4
09-25 19:28:12.024 [PHONE] yawW=+73.1 pitchW=+5.7 rollW=-1.6
09-25 19:28:12.082 [PHONE] yawW=+73.2 pitchW=+5.8 rollW=-1.4
09-25 19:28:12.140 [PHONE] yawW=+73.3 pitchW=+5.9 rollW=-1.4
09-25 19:28:12.202 [PHONE] yawW=+73.4 pitchW=+6.0 rollW=-1.4
09-25 19:28:12.263 [PHONE] yawW=+73.5 pitchW=+6.0 rollW=-1.5
09-25 19:28:12.323 [PHONE] yawW=+73.3 pitchW=+6.1 rollW=-1.6
09-25 19:28:12.383 [PHONE] yawW=+73.6 pitchW=+6.6 rollW=-1.3
09-25 19:28:12.444 [PHONE] yawW=+73.2 pitchW=+6.4 rollW=-1.5
09-25 19:28:12.504 [PHONE] yawW=+72.8 pitchW=+6.3 rollW=-1.4
09-25 19:28:12.565 [PHONE] yawW=+71.8 pitchW=+6.5 rollW=-1.0
09-25 19:28:12.624 [PHONE] yawW=+70.7 pitchW=+7.6 rollW=+0.1
09-25 19:28:12.685 [PHONE] yawW=+67.9 pitchW=+7.7 rollW=-0.1
09-25 19:28:12.746 [PHONE] yawW=+63.5 pitchW=+7.1 rollW=+0.0
09-25 19:28:12.806 [PHONE] yawW=+59.0 pitchW=+6.6 rollW=+0.0
09-25 19:28:12.868 [PHONE] yawW=+54.2 pitchW=+6.4 rollW=+0.6
09-25 19:28:12.927 [PHONE] yawW=+48.9 pitchW=+6.0 rollW=+0.9
09-25 19:28:12.988 [PHONE] yawW=+44.3 pitchW=+5.7 rollW=+1.2
09-25 19:28:13.048 [PHONE] yawW=+40.6 pitchW=+4.5 rollW=+0.5
09-25 19:28:13.109 [PHONE] yawW=+35.8 pitchW=+6.9 rollW=-0.2
09-25 19:28:13.171 [PHONE] yawW=+31.6 pitchW=+6.2 rollW=-1.4
09-25 19:28:13.231 [PHONE] yawW=+28.5 pitchW=+5.5 rollW=-0.8
09-25 19:28:13.289 [PHONE] yawW=+23.9 pitchW=+4.9 rollW=-0.2
09-25 19:28:13.351 [PHONE] yawW=+20.1 pitchW=+5.3 rollW=+0.7
09-25 19:28:13.412 [PHONE] yawW=+15.9 pitchW=+5.2 rollW=+1.5
09-25 19:28:13.472 [PHONE] yawW=+11.5 pitchW=+6.1 rollW=+2.6
09-25 19:28:13.533 [PHONE] yawW=+5.5 pitchW=+5.7 rollW=+3.1
09-25 19:28:13.592 [PHONE] yawW=+1.0 pitchW=+6.8 rollW=+2.2
09-25 19:28:13.652 [PHONE] yawW=-1.3 pitchW=+7.7 rollW=+0.6
09-25 19:28:13.713 [PHONE] yawW=-3.8 pitchW=+7.1 rollW=+0.9
09-25 19:28:13.773 [PHONE] yawW=-3.7 pitchW=+6.4 rollW=+1.4
09-25 19:28:13.835 [PHONE] yawW=-2.7 pitchW=+6.7 rollW=+2.0
09-25 19:28:13.896 [PHONE] yawW=-2.3 pitchW=+6.3 rollW=+2.1
09-25 19:28:13.956 [PHONE] yawW=-1.7 pitchW=+6.6 rollW=+2.4
09-25 19:28:14.016 [PHONE] yawW=-2.1 pitchW=+5.9 rollW=+2.2
09-25 19:28:14.076 [PHONE] yawW=-2.3 pitchW=+5.8 rollW=+1.8
09-25 19:28:14.136 [PHONE] yawW=-2.8 pitchW=+5.5 rollW=+1.8
09-25 19:28:14.198 [PHONE] yawW=-3.0 pitchW=+5.4 rollW=+1.8
09-25 19:28:14.278 [PHONE] yawW=-3.0 pitchW=+5.5 rollW=+1.8
09-25 19:28:14.339 [PHONE] yawW=-3.3 pitchW=+5.6 rollW=+1.8
09-25 19:28:14.399 [PHONE] yawW=-3.1 pitchW=+6.0 rollW=+1.7
09-25 19:28:14.460 [PHONE] yawW=-3.6 pitchW=+6.1 rollW=+1.6
09-25 19:28:14.520 [PHONE] yawW=-4.2 pitchW=+6.0 rollW=+1.5
09-25 19:28:14.581 [PHONE] yawW=-4.6 pitchW=+6.1 rollW=+1.5
09-25 19:28:14.641 [PHONE] yawW=-5.0 pitchW=+6.3 rollW=+1.4
09-25 19:28:14.701 [PHONE] yawW=-5.6 pitchW=+6.5 rollW=+1.4
09-25 19:28:14.761 [PHONE] yawW=-7.0 pitchW=+6.7 rollW=+1.2
09-25 19:28:14.823 [PHONE] yawW=-10.1 pitchW=+6.9 rollW=+1.1
09-25 19:28:14.883 [PHONE] yawW=-13.5 pitchW=+7.3 rollW=+0.5
09-25 19:28:14.943 [PHONE] yawW=-18.3 pitchW=+7.9 rollW=+0.5
09-25 19:28:15.005 [PHONE] yawW=-24.7 pitchW=+8.2 rollW=+0.5
09-25 19:28:15.065 [PHONE] yawW=-30.9 pitchW=+8.7 rollW=-0.1
09-25 19:28:15.127 [PHONE] yawW=-37.9 pitchW=+9.4 rollW=-0.1
09-25 19:28:15.185 [PHONE] yawW=-45.8 pitchW=+8.3 rollW=-0.4
09-25 19:28:15.247 [PHONE] yawW=-52.9 pitchW=+8.3 rollW=-0.9
09-25 19:28:15.307 [PHONE] yawW=-59.4 pitchW=+8.2 rollW=-1.0
09-25 19:28:15.366 [PHONE] yawW=-65.6 pitchW=+7.7 rollW=-0.1
09-25 19:28:15.427 [PHONE] yawW=-71.1 pitchW=+8.1 rollW=-0.2
09-25 19:28:15.487 [PHONE] yawW=-76.1 pitchW=+7.2 rollW=-0.1
09-25 19:28:15.548 [PHONE] yawW=-80.4 pitchW=+7.0 rollW=-0.5
09-25 19:28:15.608 [PHONE] yawW=-83.8 pitchW=+7.1 rollW=-0.3
09-25 19:28:15.669 [PHONE] yawW=-86.9 pitchW=+7.2 rollW=+0.9
09-25 19:28:15.730 [PHONE] yawW=-87.0 pitchW=+6.8 rollW=+0.9
09-25 19:28:15.790 [PHONE] yawW=-87.8 pitchW=+6.6 rollW=+0.7
09-25 19:28:15.851 [PHONE] yawW=-88.1 pitchW=+6.2 rollW=+2.1
09-25 19:28:15.911 [PHONE] yawW=-87.4 pitchW=+5.8 rollW=+0.3
09-25 19:28:15.971 [PHONE] yawW=-87.4 pitchW=+6.1 rollW=+0.1
09-25 19:28:16.032 [PHONE] yawW=-87.1 pitchW=+6.2 rollW=-0.1
09-25 19:28:16.092 [PHONE] yawW=-87.0 pitchW=+6.3 rollW=+0.5
09-25 19:28:16.153 [PHONE] yawW=-86.7 pitchW=+6.5 rollW=+1.0
09-25 19:28:16.214 [PHONE] yawW=-85.9 pitchW=+6.6 rollW=+1.4
09-25 19:28:16.274 [PHONE] yawW=-85.9 pitchW=+6.5 rollW=+1.6
09-25 19:28:16.355 [PHONE] yawW=-86.2 pitchW=+6.4 rollW=+1.5
09-25 19:28:16.416 [PHONE] yawW=-86.3 pitchW=+6.4 rollW=+1.4
09-25 19:28:16.476 [PHONE] yawW=-86.3 pitchW=+6.3 rollW=+1.0
09-25 19:28:16.537 [PHONE] yawW=-87.0 pitchW=+6.4 rollW=+0.9
09-25 19:28:16.596 [PHONE] yawW=-86.9 pitchW=+6.3 rollW=+0.6
09-25 19:28:16.658 [PHONE] yawW=-87.2 pitchW=+6.4 rollW=+0.6
09-25 19:28:16.717 [PHONE] yawW=-87.2 pitchW=+6.4 rollW=+0.6
09-25 19:28:16.778 [PHONE] yawW=-87.5 pitchW=+6.4 rollW=+0.5
09-25 19:28:16.838 [PHONE] yawW=-87.5 pitchW=+6.4 rollW=+0.4
09-25 19:28:16.900 [PHONE] yawW=-87.7 pitchW=+6.3 rollW=+0.3
09-25 19:28:16.960 [PHONE] yawW=-87.7 pitchW=+6.2 rollW=+0.2
09-25 19:28:17.021 [PHONE] yawW=-87.5 pitchW=+6.2 rollW=+0.5
09-25 19:28:17.081 [PHONE] yawW=-87.6 pitchW=+6.3 rollW=+0.7
09-25 19:28:17.142 [PHONE] yawW=-87.9 pitchW=+6.2 rollW=+0.9
09-25 19:28:17.202 [PHONE] yawW=-88.2 pitchW=+6.1 rollW=+0.6
09-25 19:28:17.263 [PHONE] yawW=-88.3 pitchW=+6.1 rollW=+0.6
09-25 19:28:17.323 [PHONE] yawW=-88.5 pitchW=+6.1 rollW=+0.7
09-25 19:28:17.384 [PHONE] yawW=-88.2 pitchW=+6.0 rollW=+0.5
09-25 19:28:17.444 [PHONE] yawW=-88.1 pitchW=+6.0 rollW=+0.6
09-25 19:28:17.503 [PHONE] yawW=-87.4 pitchW=+5.8 rollW=+0.5
09-25 19:28:17.564 [PHONE] yawW=-86.1 pitchW=+5.6 rollW=+0.5
09-25 19:28:17.645 [PHONE] yawW=-85.0 pitchW=+5.0 rollW=+2.3
09-25 19:28:17.706 [PHONE] yawW=-82.0 pitchW=+4.0 rollW=+3.1
09-25 19:28:17.767 [PHONE] yawW=-78.2 pitchW=+3.4 rollW=+2.8
09-25 19:28:17.828 [PHONE] yawW=-74.1 pitchW=+3.5 rollW=+2.4
09-25 19:28:17.887 [PHONE] yawW=-70.5 pitchW=+3.0 rollW=+2.5
09-25 19:28:17.947 [PHONE] yawW=-66.3 pitchW=+3.3 rollW=+2.4
09-25 19:28:18.008 [PHONE] yawW=-61.0 pitchW=+3.0 rollW=+1.9
09-25 19:28:18.068 [PHONE] yawW=-55.3 pitchW=+3.4 rollW=+1.9
09-25 19:28:18.130 [PHONE] yawW=-49.3 pitchW=+3.3 rollW=+1.6
09-25 19:28:18.190 [PHONE] yawW=-42.7 pitchW=+3.3 rollW=+1.2
09-25 19:28:18.249 [PHONE] yawW=-35.9 pitchW=+3.5 rollW=+0.7
09-25 19:28:18.311 [PHONE] yawW=-29.1 pitchW=+3.8 rollW=+0.3
09-25 19:28:18.371 [PHONE] yawW=-22.0 pitchW=+4.2 rollW=-0.1
09-25 19:28:18.432 [PHONE] yawW=-15.7 pitchW=+4.0 rollW=-0.2
09-25 19:28:18.492 [PHONE] yawW=-10.1 pitchW=+4.1 rollW=-0.3
09-25 19:28:18.554 [PHONE] yawW=-5.7 pitchW=+4.2 rollW=+0.1
09-25 19:28:18.614 [PHONE] yawW=-1.1 pitchW=+4.3 rollW=+0.2
09-25 19:28:18.676 [PHONE] yawW=+2.5 pitchW=+3.7 rollW=+0.2
09-25 19:28:18.733 [PHONE] yawW=+5.5 pitchW=+3.1 rollW=+0.4
09-25 19:28:18.798 [PHONE] yawW=+7.3 pitchW=+2.8 rollW=+0.5
09-25 19:28:18.857 [PHONE] yawW=+8.3 pitchW=+2.6 rollW=+0.8
09-25 19:28:18.915 [PHONE] yawW=+9.0 pitchW=+2.5 rollW=+1.3
09-25 19:28:18.976 [PHONE] yawW=+9.1 pitchW=+2.3 rollW=+1.7
09-25 19:28:19.036 [PHONE] yawW=+9.3 pitchW=+2.3 rollW=+1.7
09-25 19:28:19.097 [PHONE] yawW=+8.8 pitchW=+2.2 rollW=+1.5
09-25 19:28:19.178 [PHONE] yawW=+8.5 pitchW=+2.3 rollW=+1.3
09-25 19:28:19.239 [PHONE] yawW=+7.9 pitchW=+2.0 rollW=+1.3
09-25 19:28:19.318 [PHONE] yawW=+7.8 pitchW=+2.1 rollW=+1.0
09-25 19:28:19.379 [PHONE] yawW=+7.1 pitchW=+2.4 rollW=+0.7
09-25 19:28:19.439 [PHONE] yawW=+6.8 pitchW=+2.5 rollW=+0.7
09-25 19:28:19.520 [PHONE] yawW=+6.6 pitchW=+2.6 rollW=+0.8
09-25 19:28:19.580 [PHONE] yawW=+6.1 pitchW=+2.5 rollW=+0.9
09-25 19:28:19.643 [PHONE] yawW=+5.6 pitchW=+2.5 rollW=+0.9
09-25 19:28:19.702 [PHONE] yawW=+5.7 pitchW=+2.7 rollW=+1.0
09-25 19:28:19.762 [PHONE] yawW=+5.6 pitchW=+2.7 rollW=+1.0
09-25 19:28:19.822 [PHONE] yawW=+5.3 pitchW=+3.0 rollW=+1.0
09-25 19:28:19.884 [PHONE] yawW=+4.9 pitchW=+3.4 rollW=+0.9
09-25 19:28:19.944 [PHONE] yawW=+4.5 pitchW=+3.4 rollW=+0.8
09-25 19:28:20.004 [PHONE] yawW=+4.5 pitchW=+3.6 rollW=+0.9
09-25 19:28:20.064 [PHONE] yawW=+4.3 pitchW=+3.7 rollW=+1.0
09-25 19:28:20.128 [PHONE] yawW=+4.1 pitchW=+3.9 rollW=+1.0
09-25 19:28:20.186 [PHONE] yawW=+3.8 pitchW=+4.0 rollW=+0.9
09-25 19:28:20.246 [PHONE] yawW=+3.9 pitchW=+4.2 rollW=+0.8
09-25 19:28:20.307 [PHONE] yawW=+3.9 pitchW=+4.4 rollW=+0.5
09-25 19:28:20.368 [PHONE] yawW=+4.0 pitchW=+4.5 rollW=+0.6
09-25 19:28:20.428 [PHONE] yawW=+4.0 pitchW=+4.3 rollW=+0.7
09-25 19:28:20.489 [PHONE] yawW=+4.1 pitchW=+4.2 rollW=+0.7
09-25 19:28:20.550 [PHONE] yawW=+4.1 pitchW=+4.4 rollW=+0.6
09-25 19:28:20.611 [PHONE] yawW=+4.0 pitchW=+4.4 rollW=+0.6
09-25 19:28:20.670 [PHONE] yawW=+4.0 pitchW=+4.4 rollW=+0.7
09-25 19:28:20.730 [PHONE] yawW=+4.1 pitchW=+4.3 rollW=+0.8
09-25 19:28:20.787 [MA] guide return 2
09-25 19:28:20.792 [PHONE] yawW=+4.1 pitchW=+4.3 rollW=+0.9
09-25 19:28:20.853 [PHONE] yawW=+4.1 pitchW=+4.2 rollW=+0.9
09-25 19:28:20.912 [PHONE] yawW=+4.3 pitchW=+4.0 rollW=+1.1
09-25 19:28:20.972 [PHONE] yawW=+4.3 pitchW=+4.0 rollW=+1.2
09-25 19:28:21.033 [PHONE] yawW=+4.4 pitchW=+4.1 rollW=+1.1
09-25 19:28:21.094 [PHONE] yawW=+4.4 pitchW=+4.1 rollW=+1.0
09-25 19:28:21.155 [PHONE] yawW=+4.3 pitchW=+4.1 rollW=+1.0
09-25 19:28:21.215 [PHONE] yawW=+4.3 pitchW=+4.0 rollW=+1.0
09-25 19:28:21.275 [PHONE] yawW=+4.4 pitchW=+3.8 rollW=+1.0
09-25 19:28:21.335 [PHONE] yawW=+4.2 pitchW=+3.7 rollW=+1.1
09-25 19:28:21.395 [PHONE] yawW=+4.1 pitchW=+3.7 rollW=+1.0
09-25 19:28:21.456 [PHONE] yawW=+4.0 pitchW=+3.7 rollW=+1.0
09-25 19:28:21.517 [PHONE] yawW=+4.1 pitchW=+3.7 rollW=+0.9
09-25 19:28:21.577 [PHONE] yawW=+4.2 pitchW=+3.6 rollW=+0.9
09-25 19:28:21.637 [PHONE] yawW=+4.2 pitchW=+3.6 rollW=+0.9
09-25 19:28:21.698 [PHONE] yawW=+4.1 pitchW=+3.7 rollW=+0.9
09-25 19:28:21.758 [PHONE] yawW=+4.1 pitchW=+3.8 rollW=+0.9
09-25 19:28:21.819 [PHONE] yawW=+4.1 pitchW=+3.9 rollW=+0.9
09-25 19:28:21.880 [PHONE] yawW=+4.2 pitchW=+3.9 rollW=+0.9
09-25 19:28:21.940 [PHONE] yawW=+4.2 pitchW=+3.9 rollW=+0.9
09-25 19:28:22.000 [PHONE] yawW=+4.3 pitchW=+3.9 rollW=+0.9
09-25 19:28:22.060 [PHONE] yawW=+4.3 pitchW=+3.9 rollW=+0.9
09-25 19:28:22.122 [PHONE] yawW=+4.3 pitchW=+4.0 rollW=+0.8
09-25 19:28:22.184 [PHONE] yawW=+4.2 pitchW=+4.0 rollW=+0.9
09-25 19:28:22.265 [PHONE] yawW=+4.0 pitchW=+3.9 rollW=+1.1
09-25 19:28:22.324 [PHONE] yawW=+4.0 pitchW=+4.0 rollW=+1.2
09-25 19:28:22.383 [PHONE] yawW=+4.0 pitchW=+4.0 rollW=+1.2
09-25 19:28:22.445 [PHONE] yawW=+3.9 pitchW=+4.0 rollW=+1.1
09-25 19:28:22.505 [PHONE] yawW=+3.8 pitchW=+4.0 rollW=+1.1
09-25 19:28:22.566 [PHONE] yawW=+3.7 pitchW=+3.8 rollW=+1.3
09-25 19:28:22.625 [PHONE] yawW=+3.6 pitchW=+3.8 rollW=+1.5
09-25 19:28:22.686 [PHONE] yawW=+3.8 pitchW=+3.8 rollW=+1.2
09-25 19:28:22.749 [PHONE] yawW=+3.8 pitchW=+3.8 rollW=+1.1
09-25 19:28:22.812 [PHONE] yawW=+3.8 pitchW=+3.9 rollW=+0.9
09-25 19:28:22.829 [MA] guide action 3/3
09-25 19:28:22.867 [PHONE] yawW=+3.9 pitchW=+4.0 rollW=+0.8
09-25 19:28:22.928 [PHONE] yawW=+3.9 pitchW=+3.9 rollW=+0.8
09-25 19:28:22.989 [PHONE] yawW=+4.0 pitchW=+4.0 rollW=+0.8
09-25 19:28:23.048 [PHONE] yawW=+4.0 pitchW=+4.0 rollW=+0.8
09-25 19:28:23.110 [PHONE] yawW=+4.1 pitchW=+4.0 rollW=+0.8
09-25 19:28:23.171 [PHONE] yawW=+4.0 pitchW=+4.0 rollW=+0.7
09-25 19:28:23.232 [PHONE] yawW=+4.1 pitchW=+4.0 rollW=+0.6
09-25 19:28:23.291 [PHONE] yawW=+4.3 pitchW=+4.0 rollW=+0.4
09-25 19:28:23.352 [PHONE] yawW=+4.3 pitchW=+4.1 rollW=+0.3
09-25 19:28:23.412 [PHONE] yawW=+4.3 pitchW=+4.1 rollW=+0.3
09-25 19:28:23.472 [PHONE] yawW=+4.2 pitchW=+4.1 rollW=+0.4
09-25 19:28:23.533 [PHONE] yawW=+4.3 pitchW=+4.1 rollW=+0.5
09-25 19:28:23.593 [PHONE] yawW=+4.2 pitchW=+4.2 rollW=+0.5
09-25 19:28:23.654 [PHONE] yawW=+4.2 pitchW=+4.3 rollW=+0.3
09-25 19:28:23.714 [PHONE] yawW=+4.4 pitchW=+4.4 rollW=-0.1
09-25 19:28:23.775 [PHONE] yawW=+4.4 pitchW=+4.5 rollW=-0.5
09-25 19:28:23.836 [PHONE] yawW=+4.4 pitchW=+4.8 rollW=-1.3
09-25 19:28:23.895 [PHONE] yawW=+4.2 pitchW=+5.1 rollW=-2.4
09-25 19:28:23.957 [PHONE] yawW=+4.4 pitchW=+5.6 rollW=-3.8
09-25 19:28:24.017 [PHONE] yawW=+4.6 pitchW=+6.1 rollW=-5.1
09-25 19:28:24.079 [PHONE] yawW=+4.8 pitchW=+6.6 rollW=-6.7
09-25 19:28:24.138 [PHONE] yawW=+5.0 pitchW=+7.2 rollW=-8.5
09-25 19:28:24.199 [PHONE] yawW=+5.3 pitchW=+7.5 rollW=-9.9
09-25 19:28:24.260 [PHONE] yawW=+5.6 pitchW=+8.0 rollW=-13.2
09-25 19:28:24.319 [PHONE] yawW=+5.3 pitchW=+8.4 rollW=-16.0
09-25 19:28:24.380 [PHONE] yawW=+4.9 pitchW=+8.9 rollW=-19.1
09-25 19:28:24.440 [PHONE] yawW=+4.8 pitchW=+9.1 rollW=-22.1
09-25 19:28:24.502 [PHONE] yawW=+4.0 pitchW=+9.2 rollW=-25.2
09-25 19:28:24.562 [PHONE] yawW=+3.9 pitchW=+8.5 rollW=-27.6
09-25 19:28:24.622 [PHONE] yawW=+3.8 pitchW=+8.0 rollW=-29.5
09-25 19:28:24.682 [PHONE] yawW=+4.1 pitchW=+7.6 rollW=-31.3
09-25 19:28:24.744 [PHONE] yawW=+3.7 pitchW=+8.1 rollW=-32.5
09-25 19:28:24.804 [PHONE] yawW=+3.2 pitchW=+8.7 rollW=-33.3
09-25 19:28:24.863 [PHONE] yawW=+2.9 pitchW=+9.1 rollW=-34.1
09-25 19:28:24.924 [PHONE] yawW=+2.7 pitchW=+9.7 rollW=-35.4
09-25 19:28:24.984 [PHONE] yawW=+3.0 pitchW=+9.9 rollW=-36.3
09-25 19:28:25.045 [PHONE] yawW=+3.3 pitchW=+10.1 rollW=-37.3
09-25 19:28:25.108 [PHONE] yawW=+3.2 pitchW=+10.7 rollW=-38.2
09-25 19:28:25.165 [PHONE] yawW=+3.2 pitchW=+11.5 rollW=-39.0
09-25 19:28:25.227 [PHONE] yawW=+2.8 pitchW=+11.6 rollW=-39.4
09-25 19:28:25.288 [PHONE] yawW=+2.6 pitchW=+11.7 rollW=-40.0
09-25 19:28:25.348 [PHONE] yawW=+2.4 pitchW=+11.9 rollW=-40.4
09-25 19:28:25.408 [PHONE] yawW=+2.3 pitchW=+11.9 rollW=-40.9
09-25 19:28:25.469 [PHONE] yawW=+2.3 pitchW=+12.0 rollW=-41.4
09-25 19:28:25.529 [PHONE] yawW=+2.2 pitchW=+12.3 rollW=-41.9
09-25 19:28:25.591 [PHONE] yawW=+2.3 pitchW=+12.5 rollW=-42.5
09-25 19:28:25.651 [PHONE] yawW=+2.5 pitchW=+12.5 rollW=-43.1
09-25 19:28:25.711 [PHONE] yawW=+2.8 pitchW=+12.9 rollW=-43.8
09-25 19:28:25.771 [PHONE] yawW=+2.8 pitchW=+12.6 rollW=-44.7
09-25 19:28:25.832 [PHONE] yawW=+2.9 pitchW=+12.4 rollW=-45.3
09-25 19:28:25.893 [PHONE] yawW=+3.1 pitchW=+12.4 rollW=-45.5
09-25 19:28:25.952 [PHONE] yawW=+3.2 pitchW=+12.6 rollW=-45.5
09-25 19:28:26.012 [PHONE] yawW=+3.3 pitchW=+12.6 rollW=-45.7
09-25 19:28:26.073 [PHONE] yawW=+3.3 pitchW=+12.7 rollW=-46.0
09-25 19:28:26.133 [PHONE] yawW=+3.1 pitchW=+12.7 rollW=-46.0
09-25 19:28:26.194 [PHONE] yawW=+2.9 pitchW=+12.4 rollW=-45.9
09-25 19:28:26.254 [PHONE] yawW=+2.7 pitchW=+11.9 rollW=-45.5
09-25 19:28:26.314 [PHONE] yawW=+2.9 pitchW=+12.0 rollW=-44.9
09-25 19:28:26.375 [PHONE] yawW=+2.9 pitchW=+11.4 rollW=-44.4
09-25 19:28:26.436 [PHONE] yawW=+3.0 pitchW=+10.8 rollW=-43.5
09-25 19:28:26.496 [PHONE] yawW=+2.9 pitchW=+10.1 rollW=-42.0
09-25 19:28:26.556 [PHONE] yawW=+3.3 pitchW=+9.8 rollW=-40.3
09-25 19:28:26.617 [PHONE] yawW=+3.6 pitchW=+9.0 rollW=-38.6
09-25 19:28:26.679 [PHONE] yawW=+3.5 pitchW=+8.4 rollW=-37.2
09-25 19:28:26.740 [PHONE] yawW=+4.1 pitchW=+7.3 rollW=-33.2
09-25 19:28:26.802 [PHONE] yawW=+4.7 pitchW=+6.6 rollW=-29.9
09-25 19:28:26.860 [PHONE] yawW=+5.2 pitchW=+6.1 rollW=-26.5
09-25 19:28:26.920 [PHONE] yawW=+5.7 pitchW=+6.0 rollW=-23.1
09-25 19:28:26.981 [PHONE] yawW=+6.2 pitchW=+5.5 rollW=-19.7
09-25 19:28:27.040 [PHONE] yawW=+6.4 pitchW=+5.5 rollW=-16.2
09-25 19:28:27.102 [PHONE] yawW=+6.6 pitchW=+4.9 rollW=-13.0
09-25 19:28:27.162 [PHONE] yawW=+7.6 pitchW=+5.8 rollW=-10.1
09-25 19:28:27.224 [PHONE] yawW=+7.0 pitchW=+5.3 rollW=-8.2
09-25 19:28:27.285 [PHONE] yawW=+7.5 pitchW=+5.2 rollW=-6.8
09-25 19:28:27.344 [PHONE] yawW=+7.5 pitchW=+4.5 rollW=-6.1
09-25 19:28:27.403 [PHONE] yawW=+7.3 pitchW=+4.3 rollW=-5.1
09-25 19:28:27.464 [PHONE] yawW=+7.4 pitchW=+4.5 rollW=-3.8
09-25 19:28:27.525 [PHONE] yawW=+6.9 pitchW=+4.4 rollW=-3.1
09-25 19:28:27.586 [PHONE] yawW=+6.9 pitchW=+5.6 rollW=-2.4
09-25 19:28:27.667 [PHONE] yawW=+6.0 pitchW=+5.5 rollW=-1.7
09-25 19:28:27.727 [PHONE] yawW=+5.6 pitchW=+5.4 rollW=-1.1
09-25 19:28:27.787 [PHONE] yawW=+5.7 pitchW=+5.3 rollW=-1.1
09-25 19:28:27.848 [PHONE] yawW=+5.7 pitchW=+5.5 rollW=-0.8
09-25 19:28:27.909 [PHONE] yawW=+5.8 pitchW=+6.1 rollW=-0.1
09-25 19:28:27.968 [PHONE] yawW=+5.6 pitchW=+5.7 rollW=+0.4
09-25 19:28:28.030 [PHONE] yawW=+5.6 pitchW=+5.1 rollW=+0.6
09-25 19:28:28.091 [PHONE] yawW=+5.7 pitchW=+4.4 rollW=+1.3
09-25 19:28:28.151 [PHONE] yawW=+5.8 pitchW=+3.7 rollW=+2.1
09-25 19:28:28.211 [PHONE] yawW=+5.9 pitchW=+3.5 rollW=+3.1
09-25 19:28:28.272 [PHONE] yawW=+6.6 pitchW=+3.2 rollW=+4.7
09-25 19:28:28.334 [PHONE] yawW=+6.4 pitchW=+2.2 rollW=+7.1
09-25 19:28:28.413 [PHONE] yawW=+6.5 pitchW=+1.4 rollW=+10.3
09-25 19:28:28.473 [PHONE] yawW=+6.0 pitchW=+0.6 rollW=+14.8
09-25 19:28:28.534 [PHONE] yawW=+6.2 pitchW=-0.8 rollW=+18.6
09-25 19:28:28.594 [PHONE] yawW=+6.1 pitchW=-1.9 rollW=+22.2
09-25 19:28:28.654 [PHONE] yawW=+6.7 pitchW=-2.1 rollW=+25.9
09-25 19:28:28.715 [PHONE] yawW=+6.8 pitchW=-2.7 rollW=+29.0
09-25 19:28:28.775 [PHONE] yawW=+7.4 pitchW=-3.5 rollW=+31.7
09-25 19:28:28.837 [PHONE] yawW=+7.6 pitchW=-4.3 rollW=+34.1
09-25 19:28:28.896 [PHONE] yawW=+8.0 pitchW=-4.9 rollW=+36.6
09-25 19:28:28.957 [PHONE] yawW=+7.6 pitchW=-5.7 rollW=+38.7
09-25 19:28:29.016 [PHONE] yawW=+8.0 pitchW=-5.8 rollW=+40.3
09-25 19:28:29.078 [PHONE] yawW=+8.1 pitchW=-5.7 rollW=+42.3
09-25 19:28:29.139 [PHONE] yawW=+8.3 pitchW=-6.0 rollW=+44.0
09-25 19:28:29.199 [PHONE] yawW=+8.0 pitchW=-6.5 rollW=+45.4
09-25 19:28:29.259 [PHONE] yawW=+7.8 pitchW=-6.7 rollW=+47.2
09-25 19:28:29.319 [PHONE] yawW=+7.2 pitchW=-6.8 rollW=+48.3
09-25 19:28:29.381 [PHONE] yawW=+6.8 pitchW=-6.8 rollW=+49.4
09-25 19:28:29.441 [PHONE] yawW=+6.5 pitchW=-7.0 rollW=+50.1
09-25 19:28:29.501 [PHONE] yawW=+6.4 pitchW=-7.4 rollW=+51.1
09-25 19:28:29.561 [PHONE] yawW=+6.1 pitchW=-8.0 rollW=+51.9
09-25 19:28:29.622 [PHONE] yawW=+6.1 pitchW=-8.3 rollW=+52.6
09-25 19:28:29.683 [PHONE] yawW=+5.9 pitchW=-8.6 rollW=+53.1
09-25 19:28:29.743 [PHONE] yawW=+6.0 pitchW=-8.5 rollW=+53.9
09-25 19:28:29.804 [PHONE] yawW=+6.0 pitchW=-8.4 rollW=+54.4
09-25 19:28:29.864 [PHONE] yawW=+5.6 pitchW=-8.1 rollW=+55.1
09-25 19:28:29.924 [PHONE] yawW=+5.1 pitchW=-8.0 rollW=+55.5
09-25 19:28:29.985 [PHONE] yawW=+4.8 pitchW=-7.9 rollW=+55.7
09-25 19:28:30.045 [PHONE] yawW=+4.6 pitchW=-7.9 rollW=+55.7
09-25 19:28:30.106 [PHONE] yawW=+4.6 pitchW=-7.8 rollW=+55.8
09-25 19:28:30.166 [PHONE] yawW=+4.8 pitchW=-7.4 rollW=+56.0
09-25 19:28:30.228 [PHONE] yawW=+4.9 pitchW=-7.1 rollW=+56.1
09-25 19:28:30.287 [PHONE] yawW=+5.0 pitchW=-7.0 rollW=+56.3
09-25 19:28:30.348 [PHONE] yawW=+4.9 pitchW=-7.0 rollW=+56.7
09-25 19:28:30.408 [PHONE] yawW=+4.8 pitchW=-6.8 rollW=+56.8
09-25 19:28:30.469 [PHONE] yawW=+5.0 pitchW=-6.8 rollW=+56.6
09-25 19:28:30.529 [PHONE] yawW=+5.3 pitchW=-6.6 rollW=+56.5
09-25 19:28:30.589 [PHONE] yawW=+5.5 pitchW=-6.7 rollW=+56.3
09-25 19:28:30.651 [PHONE] yawW=+5.5 pitchW=-6.6 rollW=+56.3
09-25 19:28:30.713 [PHONE] yawW=+5.5 pitchW=-6.4 rollW=+56.3
09-25 19:28:30.772 [PHONE] yawW=+5.3 pitchW=-6.5 rollW=+56.3
09-25 19:28:30.832 [PHONE] yawW=+5.3 pitchW=-6.3 rollW=+56.1
09-25 19:28:30.893 [PHONE] yawW=+5.5 pitchW=-6.2 rollW=+55.7
09-25 19:28:30.952 [PHONE] yawW=+5.5 pitchW=-6.2 rollW=+55.3
09-25 19:28:31.013 [PHONE] yawW=+5.5 pitchW=-6.2 rollW=+55.3
09-25 19:28:31.074 [PHONE] yawW=+5.2 pitchW=-6.0 rollW=+55.5
09-25 19:28:31.134 [PHONE] yawW=+5.1 pitchW=-6.0 rollW=+55.9
09-25 19:28:31.195 [PHONE] yawW=+5.0 pitchW=-6.1 rollW=+56.0
09-25 19:28:31.255 [PHONE] yawW=+5.1 pitchW=-6.0 rollW=+55.8
09-25 19:28:31.317 [PHONE] yawW=+5.2 pitchW=-5.8 rollW=+55.5
09-25 19:28:31.376 [PHONE] yawW=+5.6 pitchW=-5.8 rollW=+55.0
09-25 19:28:31.437 [PHONE] yawW=+5.7 pitchW=-5.6 rollW=+54.8
09-25 19:28:31.498 [PHONE] yawW=+5.6 pitchW=-5.5 rollW=+54.8
09-25 19:28:31.558 [PHONE] yawW=+5.4 pitchW=-5.1 rollW=+54.6
09-25 19:28:31.618 [PHONE] yawW=+5.8 pitchW=-4.5 rollW=+54.2
09-25 19:28:31.679 [PHONE] yawW=+5.9 pitchW=-4.0 rollW=+53.2
09-25 19:28:31.739 [PHONE] yawW=+6.4 pitchW=-3.5 rollW=+51.9
09-25 19:28:31.800 [PHONE] yawW=+6.7 pitchW=-3.1 rollW=+50.6
09-25 19:28:31.862 [PHONE] yawW=+7.4 pitchW=-2.5 rollW=+48.9
09-25 19:28:31.921 [PHONE] yawW=+8.7 pitchW=-2.1 rollW=+47.1
09-25 19:28:31.981 [PHONE] yawW=+8.9 pitchW=-1.9 rollW=+45.1
09-25 19:28:32.041 [PHONE] yawW=+9.1 pitchW=-1.1 rollW=+41.1
09-25 19:28:32.102 [PHONE] yawW=+8.7 pitchW=-0.9 rollW=+37.7
09-25 19:28:32.164 [PHONE] yawW=+9.3 pitchW=-0.5 rollW=+34.6
09-25 19:28:32.223 [PHONE] yawW=+10.3 pitchW=-0.1 rollW=+31.4
09-25 19:28:32.284 [PHONE] yawW=+10.7 pitchW=+0.2 rollW=+27.6
09-25 19:28:32.345 [PHONE] yawW=+10.5 pitchW=+0.9 rollW=+23.8
09-25 19:28:32.406 [PHONE] yawW=+10.2 pitchW=+0.9 rollW=+20.4
09-25 19:28:32.466 [PHONE] yawW=+10.6 pitchW=+1.6 rollW=+17.9
09-25 19:28:32.525 [PHONE] yawW=+10.7 pitchW=+2.5 rollW=+15.2
09-25 19:28:32.585 [PHONE] yawW=+10.7 pitchW=+3.6 rollW=+12.5
09-25 19:28:32.646 [PHONE] yawW=+10.4 pitchW=+4.3 rollW=+9.8
09-25 19:28:32.706 [PHONE] yawW=+9.9 pitchW=+4.7 rollW=+7.5
09-25 19:28:32.767 [PHONE] yawW=+9.6 pitchW=+5.1 rollW=+5.7
09-25 19:28:32.827 [PHONE] yawW=+9.6 pitchW=+5.3 rollW=+4.0
09-25 19:28:32.888 [PHONE] yawW=+9.4 pitchW=+5.4 rollW=+2.8
09-25 19:28:32.953 [PHONE] yawW=+9.5 pitchW=+5.9 rollW=+2.1
09-25 19:28:33.010 [PHONE] yawW=+8.9 pitchW=+5.9 rollW=+1.4
09-25 19:28:33.071 [PHONE] yawW=+8.4 pitchW=+6.2 rollW=+0.8
09-25 19:28:33.130 [PHONE] yawW=+8.1 pitchW=+6.2 rollW=+0.6
09-25 19:28:33.192 [PHONE] yawW=+7.7 pitchW=+6.1 rollW=+0.4
09-25 19:28:33.252 [PHONE] yawW=+7.5 pitchW=+6.0 rollW=+0.3
09-25 19:28:33.313 [PHONE] yawW=+7.5 pitchW=+5.4 rollW=+0.2
09-25 19:28:33.373 [PHONE] yawW=+7.3 pitchW=+4.9 rollW=+0.2
09-25 19:28:33.442 [PHONE] yawW=+7.2 pitchW=+4.8 rollW=+0.2
09-25 19:28:33.493 [PHONE] yawW=+7.2 pitchW=+4.6 rollW=+0.0
09-25 19:28:33.554 [PHONE] yawW=+7.1 pitchW=+4.5 rollW=+0.0
09-25 19:28:33.614 [PHONE] yawW=+6.8 pitchW=+4.5 rollW=+0.3
09-25 19:28:33.674 [PHONE] yawW=+6.5 pitchW=+4.1 rollW=+0.4
09-25 19:28:33.735 [PHONE] yawW=+6.2 pitchW=+3.6 rollW=+0.5
09-25 19:28:33.796 [PHONE] yawW=+6.2 pitchW=+3.6 rollW=+0.5
09-25 19:28:33.857 [PHONE] yawW=+6.3 pitchW=+3.5 rollW=+0.5
09-25 19:28:33.916 [PHONE] yawW=+6.3 pitchW=+3.5 rollW=+0.4
09-25 19:28:33.978 [PHONE] yawW=+6.2 pitchW=+3.4 rollW=+0.5
09-25 19:28:34.038 [PHONE] yawW=+6.3 pitchW=+3.3 rollW=+0.5
09-25 19:28:34.098 [PHONE] yawW=+6.3 pitchW=+3.3 rollW=+0.7
09-25 19:28:34.159 [PHONE] yawW=+6.3 pitchW=+3.4 rollW=+0.8
09-25 19:28:34.220 [PHONE] yawW=+6.3 pitchW=+3.4 rollW=+0.8
09-25 19:28:34.280 [PHONE] yawW=+6.2 pitchW=+3.3 rollW=+0.8
09-25 19:28:34.341 [PHONE] yawW=+6.0 pitchW=+3.3 rollW=+0.7
09-25 19:28:34.401 [PHONE] yawW=+5.1 pitchW=+2.5 rollW=+0.6
09-25 19:28:34.461 [PHONE] yawW=+5.2 pitchW=+2.3 rollW=+0.7
09-25 19:28:34.522 [PHONE] yawW=+5.5 pitchW=+2.3 rollW=+0.8
09-25 19:28:34.583 [PHONE] yawW=+5.7 pitchW=+2.4 rollW=+0.9
09-25 19:28:34.642 [PHONE] yawW=+5.6 pitchW=+2.4 rollW=+0.9
09-25 19:28:34.703 [PHONE] yawW=+5.5 pitchW=+2.5 rollW=+0.9
09-25 19:28:34.764 [PHONE] yawW=+5.5 pitchW=+2.5 rollW=+0.9
09-25 19:28:34.826 [PHONE] yawW=+5.5 pitchW=+2.5 rollW=+0.9
09-25 19:28:34.885 [MA] guide: done
09-25 19:28:34.887 [PHONE] yawW=+5.5 pitchW=+2.4 rollW=+1.0
09-25 19:28:34.945 [PHONE] yawW=+5.5 pitchW=+2.4 rollW=+1.0
09-25 19:28:35.005 [PHONE] yawW=+5.5 pitchW=+2.5 rollW=+1.1
09-25 19:28:35.065 [PHONE] yawW=+5.5 pitchW=+2.4 rollW=+1.1
09-25 19:28:35.126 [PHONE] yawW=+5.6 pitchW=+2.4 rollW=+1.1
09-25 19:28:35.187 [PHONE] yawW=+5.4 pitchW=+2.4 rollW=+1.2
09-25 19:28:35.248 [PHONE] yawW=+5.3 pitchW=+2.4 rollW=+1.1
09-25 19:28:35.308 [PHONE] yawW=+5.1 pitchW=+2.3 rollW=+1.2
09-25 19:28:35.369 [PHONE] yawW=+4.3 pitchW=+2.1 rollW=+1.3
09-25 19:28:35.430 [PHONE] yawW=+3.1 pitchW=+2.0 rollW=+1.6
09-25 19:28:35.510 [PHONE] yawW=+0.5 pitchW=+1.5 rollW=+1.9
09-25 19:28:35.573 [PHONE] yawW=-1.0 pitchW=+2.3 rollW=+2.0
09-25 19:28:35.631 [PHONE] yawW=-2.5 pitchW=+2.9 rollW=+2.1
09-25 19:28:35.696 [PHONE] yawW=-4.0 pitchW=+3.5 rollW=+2.0
09-25 19:28:35.753 [PHONE] yawW=-6.4 pitchW=+4.2 rollW=+1.8
09-25 19:28:35.814 [PHONE] yawW=-8.6 pitchW=+4.9 rollW=+1.4
09-25 19:28:35.861 [PHONE] sensor stop
